// Jest Snapshot v1, https://goo.gl/fbAQLP

exports[`URL configurations should match snapshots 1`] = `"http://api.nytimes.com/svc/mostpopular/v2/mostviewed"`;
