// Jest Snapshot v1, https://goo.gl/fbAQLP

exports[`ArticleList component should render a loading indicator when loading 1`] = `
<ArticleList
  loading={true}
>
  <div
    className="ArticleList"
  >
    <LoadingContent>
      <div
        className="center_wrapper"
      >
        <div>
          <div
            className="loader_bars"
          >
            Loading...
          </div>
        </div>
      </div>
    </LoadingContent>
  </div>
</ArticleList>
`;

exports[`ArticleList component should render an error message and a retry button when failed to get posts 1`] = `
<ArticleList
  errorLoading={true}
  loading={false}
  retryButtonHandler={[MockFunction]}
>
  <div
    className="ArticleList"
  >
    <ErrorLoadingContent
      retryButtonHandler={[MockFunction]}
    >
      <div
        className="center_wrapper"
      >
        <div>
          <div
            className="description"
          >
            WE COULDN'T GET THE POSTS
          </div>
          <button
            className="retry_button"
            onClick={[MockFunction]}
          >
            Try Again
          </button>
        </div>
      </div>
    </ErrorLoadingContent>
  </div>
</ArticleList>
`;
